[2026-09-09T21:56:01] MEXP pipeline started (attempt 1, pairs done: 0)
[2026-09-09T21:56:01]   seed 42 (frozen reuse): C'=0.8154 M=0.8283
[2026-09-09T21:56:01]   seed 43 (frozen reuse): C'=0.784 M=0.8267
[2026-09-09T21:56:01]   seed 44 (frozen reuse): C'=0.7953 M=0.8225
[2026-09-09T21:56:01] training C' mexp seed 45 (fresh/resume, lr 0.00625)...
[2026-09-09T22:35:05] MEXP pipeline started (attempt 2, pairs done: 3)
[2026-09-09T22:35:05] training C' mexp seed 45 (fresh/resume, lr 0.00625)...
[2026-09-09T22:35:05]   seed 45 RESUME from epoch 20 (mexp_s45_215601)
[2026-09-10T00:13:50]   seed 45: C'=0.7843 M=0.8248 (C' wall 5808.5s, M wall 107.1s)
[2026-09-10T00:13:50] training C' mexp seed 46 (fresh/resume, lr 0.00625)...
[2026-09-10T02:14:32]   seed 46: C'=0.7995 M=0.8256 (C' wall 7170.2s, M wall 72.2s)
[2026-09-10T02:14:32] training C' mexp seed 47 (fresh/resume, lr 0.00625)...
[2026-09-10T04:08:33]   seed 47: C'=0.7966 M=0.8299 (C' wall 6758.3s, M wall 82.1s)
[2026-09-10T04:08:33] training C' mexp seed 48 (fresh/resume, lr 0.00625)...
[2026-09-10T06:02:41]   seed 48: C'=0.7883 M=0.8222 (C' wall 6776.2s, M wall 72.4s)
[2026-09-10T06:02:41] training C' mexp seed 49 (fresh/resume, lr 0.00625)...
[2026-09-10T06:45:03] MEXP pipeline started (attempt 3, pairs done: 7)
[2026-09-10T06:45:03] training C' mexp seed 49 (fresh/resume, lr 0.00625)...
[2026-09-10T06:45:03]   seed 49 RESUME from epoch 20 (mexp_s49_060241)
[2026-09-10T07:18:50] MEXP pipeline started (attempt 4, pairs done: 7)
[2026-09-10T07:18:50] training C' mexp seed 49 (fresh/resume, lr 0.00625)...
[2026-09-10T07:18:50]   seed 49 RESUME from epoch 40 (mexp_s49_060241)
[2026-09-10T08:24:45]   seed 49: C'=0.7905 M=0.8213 (C' wall 3875.1s, M wall 70.6s)
[2026-09-10T08:24:45] training C' mexp seed 50 (fresh/resume, lr 0.00625)...
[2026-09-10T10:22:14]   seed 50: C'=0.8121 M=0.8299 (C' wall 6975.9s, M wall 73.2s)
[2026-09-10T10:22:14] training C' mexp seed 51 (fresh/resume, lr 0.00625)...
[2026-09-10T12:18:35]   seed 51: C'=0.8054 M=0.8262 (C' wall 6912.1s, M wall 69.0s)
[2026-09-10T12:18:36] written: D:\Desktop\psd-framework\reports\r23-trans002-mexp-2026-09-09.json
[2026-09-10T12:18:36] MEXP result: mean M-C = +0.0286, Wilcoxon p=0.00195, sign p=0.00195, M wins 10/10
[2026-09-10T12:18:36] DONE
