[2026-09-08T22:44:02] alive: pipeline pid(s) 19756,37488
[2026-09-08T22:54:03] pipeline dead; restarting (attempt 1, sig=seeds=0;tried=1)
[2026-09-08T23:03:54] pipeline dead; restarting (attempt 2, sig=valid=0;nan=0)
[2026-09-08T23:04:02] alive: pipeline pid(s) 44328,40404
[2026-09-08T23:14:02] alive: pipeline pid(s) 44328,40404
[2026-09-08T23:24:02] alive: pipeline pid(s) 44328,40404
[2026-09-08T23:34:02] alive: pipeline pid(s) 44328,40404
[2026-09-08T23:44:02] alive: pipeline pid(s) 44328,40404
[2026-09-08T23:54:02] alive: pipeline pid(s) 44328,40404
[2026-09-09T00:04:02] alive: pipeline pid(s) 44328,40404
[2026-09-09T00:14:02] alive: pipeline pid(s) 44328,40404
[2026-09-09T00:24:02] alive: pipeline pid(s) 44328,40404
[2026-09-09T00:34:02] alive: pipeline pid(s) 44328,40404
[2026-09-09T00:44:02] alive: pipeline pid(s) 44328,40404
[2026-09-09T00:54:02] alive: pipeline pid(s) 44328,40404
[2026-09-09T01:04:02] alive: pipeline pid(s) 44328,40404
[2026-09-09T01:14:02] alive: pipeline pid(s) 44328,40404
[2026-09-09T01:24:02] alive: pipeline pid(s) 44328,40404
[2026-09-09T01:34:02] alive: pipeline pid(s) 44328,40404
[2026-09-09T01:44:02] alive: pipeline pid(s) 44328,40404
[2026-09-09T01:54:02] alive: pipeline pid(s) 44328,40404
[2026-09-09T02:04:02] alive: pipeline pid(s) 44328,40404
[2026-09-09T02:14:02] alive: pipeline pid(s) 44328,40404
[2026-09-09T02:24:02] alive: pipeline pid(s) 44328,40404
[2026-09-09T02:34:02] alive: pipeline pid(s) 44328,40404
[2026-09-09T02:44:02] alive: pipeline pid(s) 44328,40404
[2026-09-09T02:54:02] alive: pipeline pid(s) 44328,40404
[2026-09-09T03:04:02] alive: pipeline pid(s) 44328,40404
[2026-09-09T03:14:02] alive: pipeline pid(s) 44328,40404
[2026-09-09T03:24:02] alive: pipeline pid(s) 44328,40404
[2026-09-09T03:34:02] alive: pipeline pid(s) 44328,40404
[2026-09-09T03:44:02] alive: pipeline pid(s) 44328,40404
[2026-09-09T03:54:02] alive: pipeline pid(s) 44328,40404
[2026-09-09T04:04:02] alive: pipeline pid(s) 44328,40404
[2026-09-09T04:14:02] alive: pipeline pid(s) 44328,40404
[2026-09-09T04:24:02] alive: pipeline pid(s) 44328,40404
[2026-09-09T04:34:02] alive: pipeline pid(s) 44328,40404
[2026-09-09T04:44:02] alive: pipeline pid(s) 44328,40404
[2026-09-09T04:54:02] alive: pipeline pid(s) 44328,40404
[2026-09-09T05:04:02] alive: pipeline pid(s) 44328,40404
[2026-09-09T05:14:02] alive: pipeline pid(s) 44328,40404
[2026-09-09T05:24:02] alive: pipeline pid(s) 44328,40404
[2026-09-09T05:34:02] alive: pipeline pid(s) 44328,40404
[2026-09-09T05:44:02] alive: pipeline pid(s) 44328,40404
[2026-09-09T05:54:02] alive: pipeline pid(s) 44328,40404
[2026-09-09T06:04:02] pipeline dead; restarting (attempt 3, sig=valid=0;nan=0)
[2026-09-09T06:09:19] alive: pipeline pid(s) 19032,39700
[2026-09-09T06:11:16] pipeline dead; restarting (attempt 4, sig=valid=1;nan=0)
[2026-09-09T06:12:37] pipeline dead; restarting (attempt 5, sig=valid=1;nan=0)
[2026-09-09T06:14:02] alive: pipeline pid(s) 38504,41536
[2026-09-09T06:24:07] alive: pipeline pid(s) 38504,41536
[2026-09-09T06:34:03] alive: pipeline pid(s) 38504,41536
[2026-09-09T06:44:03] alive: pipeline pid(s) 38504,41536
[2026-09-09T06:54:03] alive: pipeline pid(s) 38504,41536
[2026-09-09T07:04:03] alive: pipeline pid(s) 38504,41536
[2026-09-09T07:14:03] alive: pipeline pid(s) 38504,41536
[2026-09-09T07:47:07] pipeline dead; restarting (attempt 6, sig=valid=1;nan=0)
[2026-09-09T07:58:04] alive: pipeline pid(s) 38648,50400
[2026-09-09T08:04:11] killing orphan trainer pid=16920
[2026-09-09T08:04:11] killing orphan trainer pid=31412
[2026-09-09T08:04:11] pipeline dead; restarting (attempt 7, sig=valid=1;nan=0)
[2026-09-09T08:14:02] alive: pipeline pid(s) 38760,51960
[2026-09-09T08:24:08] alive: pipeline pid(s) 38760,51960
[2026-09-09T08:34:03] alive: pipeline pid(s) 38760,51960
[2026-09-09T08:44:12] alive: pipeline pid(s) 38760,51960
[2026-09-09T08:54:07] alive: pipeline pid(s) 38760,51960
[2026-09-09T09:04:14] alive: pipeline pid(s) 38760,51960
[2026-09-09T09:14:03] alive: pipeline pid(s) 38760,51960
[2026-09-09T09:24:10] alive: pipeline pid(s) 38760,51960
[2026-09-09T09:25:41] pipeline dead; restarting (attempt 8, sig=valid=2;nan=0)
[2026-09-09T09:34:04] alive: pipeline pid(s) 26132,47584
[2026-09-09T10:01:59] pipeline dead; restarting (attempt 9, sig=valid=2;nan=0)
[2026-09-09T10:04:05] alive: pipeline pid(s) 34520,47588
[2026-09-09T10:14:03] alive: pipeline pid(s) 34520,47588
[2026-09-09T10:24:03] alive: pipeline pid(s) 34520,47588
[2026-09-09T10:34:02] alive: pipeline pid(s) 34520,47588
[2026-09-09T10:44:08] alive: pipeline pid(s) 34520,47588
[2026-09-09T10:54:06] alive: pipeline pid(s) 34520,47588
[2026-09-09T11:04:10] alive: pipeline pid(s) 34520,47588
[2026-09-09T11:14:03] alive: pipeline pid(s) 34520,47588
[2026-09-09T11:24:05] alive: pipeline pid(s) 34520,47588
[2026-09-09T11:34:03] alive: pipeline pid(s) 34520,47588
[2026-09-09T11:44:07] alive: pipeline pid(s) 34520,47588
[2026-09-09T12:36:20] alive: pipeline pid(s) 12760,21480,52280,16668
[2026-09-09T12:46:56] alive: pipeline pid(s) 12760,21480
[2026-09-09T12:54:03] DONE present: pipeline finished; stopping watchdog task
